[ +373 ms] Artifact Instance of 'MaterialFonts' is not required, skipping update.
[   +1 ms] Artifact Instance of 'GradleWrapper' is not required, skipping update.
[        ] Artifact Instance of 'AndroidGenSnapshotArtifacts' is not required, skipping update.
[        ] Artifact Instance of 'AndroidInternalBuildArtifacts' is not required, skipping update.
[        ] Artifact Instance of 'IOSEngineArtifacts' is not required, skipping update.
[        ] Artifact Instance of 'FlutterWebSdk' is not required, skipping update.
[   +1 ms] Artifact Instance of 'LegacyCanvasKitRemover' is not required, skipping update.
[        ] Artifact Instance of 'FlutterSdk' is not required, skipping update.
[        ] Artifact Instance of 'WindowsEngineArtifacts' is not required, skipping update.
[        ] Artifact Instance of 'MacOSEngineArtifacts' is not required, skipping update.
[        ] Artifact Instance of 'LinuxEngineArtifacts' is not required, skipping update.
[        ] Artifact Instance of 'LinuxFuchsiaSDKArtifacts' is not required, skipping update.
[        ] Artifact Instance of 'MacOSFuchsiaSDKArtifacts' is not required, skipping update.
[        ] Artifact Instance of 'FlutterRunnerSDKArtifacts' is not required, skipping update.
[        ] Artifact Instance of 'FlutterRunnerDebugSymbols' is not required, skipping update.
[        ] Artifact Instance of 'IosUsbArtifacts' is not required, skipping update.
[        ] Artifact Instance of 'IosUsbArtifacts' is not required, skipping update.
[        ] Artifact Instance of 'IosUsbArtifacts' is not required, skipping update.
[        ] Artifact Instance of 'IosUsbArtifacts' is not required, skipping update.
[        ] Artifact Instance of 'IosUsbArtifacts' is not required, skipping update.
[        ] Artifact Instance of 'IosUsbArtifacts' is not required, skipping update.
[        ] Artifact Instance of 'FontSubsetArtifacts' is not required, skipping update.
[        ] Artifact Instance of 'PubDependencies' is not required, skipping update.
[   +1 ms] executing: [C:\flutter/] git -c log.showSignature=false log HEAD -n 1 --pretty=format:%ad --date=iso
[ +190 ms] Exit code 0 from: git -c log.showSignature=false log HEAD -n 1 --pretty=format:%ad --date=iso
[        ] 2026-01-13 13:47:42 -0800
[  +66 ms] Artifact Instance of 'AndroidGenSnapshotArtifacts' is not required, skipping update.
[        ] Artifact Instance of 'AndroidInternalBuildArtifacts' is not required, skipping update.
[        ] Artifact Instance of 'IOSEngineArtifacts' is not required, skipping update.
[        ] Artifact Instance of 'FlutterWebSdk' is not required, skipping update.
[        ] Artifact Instance of 'FlutterEngineStamp' is not required, skipping update.
[        ] Artifact Instance of 'LegacyCanvasKitRemover' is not required, skipping update.
[   +3 ms] Artifact Instance of 'WindowsEngineArtifacts' is not required, skipping update.
[   +2 ms] Artifact Instance of 'MacOSEngineArtifacts' is not required, skipping update.
[        ] Artifact Instance of 'LinuxEngineArtifacts' is not required, skipping update.
[        ] Artifact Instance of 'LinuxFuchsiaSDKArtifacts' is not required, skipping update.
[        ] Artifact Instance of 'MacOSFuchsiaSDKArtifacts' is not required, skipping update.
[        ] Artifact Instance of 'FlutterRunnerSDKArtifacts' is not required, skipping update.
[        ] Artifact Instance of 'FlutterRunnerDebugSymbols' is not required, skipping update.
[  +90 ms] Artifact Instance of 'AndroidGenSnapshotArtifacts' is not required, skipping update.
[        ] Artifact Instance of 'AndroidInternalBuildArtifacts' is not required, skipping update.
[        ] Artifact Instance of 'IOSEngineArtifacts' is not required, skipping update.
[        ] Artifact Instance of 'FlutterWebSdk' is not required, skipping update.
[        ] Artifact Instance of 'FlutterEngineStamp' is not required, skipping update.
[        ] Artifact Instance of 'LegacyCanvasKitRemover' is not required, skipping update.
[   +3 ms] Artifact Instance of 'MacOSEngineArtifacts' is not required, skipping update.
[        ] Artifact Instance of 'LinuxEngineArtifacts' is not required, skipping update.
[        ] Artifact Instance of 'LinuxFuchsiaSDKArtifacts' is not required, skipping update.
[        ] Artifact Instance of 'MacOSFuchsiaSDKArtifacts' is not required, skipping update.
[        ] Artifact Instance of 'FlutterRunnerSDKArtifacts' is not required, skipping update.
[        ] Artifact Instance of 'FlutterRunnerDebugSymbols' is not required, skipping update.
[  +58 ms] Skipping pub get: version match.
[ +137 ms] Found plugin printing at C:\Users\ruthr\AppData\Local\Pub\Cache\hosted\pub.dev\printing-5.14.2\
[  +61 ms] Found plugin path_provider at C:\Users\ruthr\AppData\Local\Pub\Cache\hosted\pub.dev\path_provider-2.1.5\
[   +3 ms] Found plugin path_provider_windows at C:\Users\ruthr\AppData\Local\Pub\Cache\hosted\pub.dev\path_provider_windows-2.3.0\
[   +7 ms] Found plugin path_provider_linux at C:\Users\ruthr\AppData\Local\Pub\Cache\hosted\pub.dev\path_provider_linux-2.2.1\
[   +4 ms] Found plugin path_provider_foundation at C:\Users\ruthr\AppData\Local\Pub\Cache\hosted\pub.dev\path_provider_foundation-2.6.0\
[  +22 ms] Found plugin path_provider_android at C:\Users\ruthr\AppData\Local\Pub\Cache\hosted\pub.dev\path_provider_android-2.2.22\
[ +189 ms] Found plugin printing at C:\Users\ruthr\AppData\Local\Pub\Cache\hosted\pub.dev\printing-5.14.2\
[  +78 ms] Found plugin path_provider at C:\Users\ruthr\AppData\Local\Pub\Cache\hosted\pub.dev\path_provider-2.1.5\
[   +4 ms] Found plugin path_provider_windows at C:\Users\ruthr\AppData\Local\Pub\Cache\hosted\pub.dev\path_provider_windows-2.3.0\
[   +9 ms] Found plugin path_provider_linux at C:\Users\ruthr\AppData\Local\Pub\Cache\hosted\pub.dev\path_provider_linux-2.2.1\
[   +6 ms] Found plugin path_provider_foundation at C:\Users\ruthr\AppData\Local\Pub\Cache\hosted\pub.dev\path_provider_foundation-2.6.0\
[  +21 ms] Found plugin path_provider_android at C:\Users\ruthr\AppData\Local\Pub\Cache\hosted\pub.dev\path_provider_android-2.2.22\
[  +32 ms] Skipping generating web_plugin_registrant.dart because it is up-to-date.
[  +33 ms] Found plugin printing at C:\Users\ruthr\AppData\Local\Pub\Cache\hosted\pub.dev\printing-5.14.2\
[  +32 ms] Found plugin path_provider at C:\Users\ruthr\AppData\Local\Pub\Cache\hosted\pub.dev\path_provider-2.1.5\
[   +1 ms] Found plugin path_provider_windows at C:\Users\ruthr\AppData\Local\Pub\Cache\hosted\pub.dev\path_provider_windows-2.3.0\
[   +4 ms] Found plugin path_provider_linux at C:\Users\ruthr\AppData\Local\Pub\Cache\hosted\pub.dev\path_provider_linux-2.2.1\
[   +3 ms] Found plugin path_provider_foundation at C:\Users\ruthr\AppData\Local\Pub\Cache\hosted\pub.dev\path_provider_foundation-2.6.0\
[  +18 ms] Found plugin path_provider_android at C:\Users\ruthr\AppData\Local\Pub\Cache\hosted\pub.dev\path_provider_android-2.2.22\
[  +29 ms] Generating D:\codethon\APP\fds\android\app\src\main\java\io\flutter\plugins\GeneratedPluginRegistrant.java
[   +4 ms] Skipping generating GeneratedPluginRegistrant.java because it is up-to-date.
[  +10 ms] Skipping generating generated_plugin_registrant.h because it is up-to-date.
[   +4 ms] Skipping generating generated_plugin_registrant.cc because it is up-to-date.
[   +4 ms] Skipping generating generated_plugins.cmake because it is up-to-date.
[   +5 ms] Skipping generating generated_plugin_registrant.h because it is up-to-date.
[   +3 ms] Skipping generating generated_plugin_registrant.cc because it is up-to-date.
[   +3 ms] Skipping generating generated_plugins.cmake because it is up-to-date.
[   +4 ms] Skipping generating GeneratedPluginRegistrant.h because it is up-to-date.
[   +2 ms] Skipping generating GeneratedPluginRegistrant.m because it is up-to-date.
[   +4 ms] Skipping generating GeneratedPluginRegistrant.swift because it is up-to-date.
[ +276 ms] Initializing file store
[  +16 ms] Skipping target: gen_localizations
[   +5 ms] gen_dart_plugin_registrant: Starting due to {InvalidatedReasonKind.inputChanged: The following inputs have updated contents: D:\codethon\APP\fds\.dart_tool\package_config.json,D:\codethon\APP\fds\.dart_tool\flutter_build\dart_plugin_registrant.dart}
[ +108 ms] Found plugin printing at C:\Users\ruthr\AppData\Local\Pub\Cache\hosted\pub.dev\printing-5.14.2\
[  +58 ms] Found plugin path_provider at C:\Users\ruthr\AppData\Local\Pub\Cache\hosted\pub.dev\path_provider-2.1.5\
[   +3 ms] Found plugin path_provider_windows at C:\Users\ruthr\AppData\Local\Pub\Cache\hosted\pub.dev\path_provider_windows-2.3.0\
[   +4 ms] Found plugin path_provider_linux at C:\Users\ruthr\AppData\Local\Pub\Cache\hosted\pub.dev\path_provider_linux-2.2.1\
[   +2 ms] Found plugin path_provider_foundation at C:\Users\ruthr\AppData\Local\Pub\Cache\hosted\pub.dev\path_provider_foundation-2.6.0\
[  +13 ms] Found plugin path_provider_android at C:\Users\ruthr\AppData\Local\Pub\Cache\hosted\pub.dev\path_provider_android-2.2.22\
[  +24 ms] Skipping generating dart_plugin_registrant.dart because it is up-to-date.
[        ] gen_dart_plugin_registrant: Complete
[   +3 ms] Skipping target: _composite
[   +2 ms] complete
[   +6 ms] Launching lib\main.dart on Windows in debug mode...
[   +5 ms] C:\flutter\bin\cache\dart-sdk\bin\dartaotruntime.exe C:\flutter\bin\cache\dart-sdk\bin\snapshots\frontend_server_aot.dart.snapshot --sdk-root C:\flutter\bin\cache\artifacts\engine\common\flutter_patched_sdk/ --incremental --target=flutter --experimental-emit-debug-metadata -DFLUTTER_VERSION=3.38.7 -DFLUTTER_CHANNEL=stable -DFLUTTER_GIT_URL=https://github.com/flutter/flutter.git -DFLUTTER_FRAMEWORK_REVISION=3b62efc2a3 -DFLUTTER_ENGINE_REVISION=78fc3012e4 -DFLUTTER_DART_VERSION=3.10.7 --output-dill C:\Users\ruthr\AppData\Local\Temp\flutter_tools.def11896\flutter_tool.f543311f\app.dill --packages D:\codethon\APP\fds\.dart_tool\package_config.json -Ddart.vm.profile=false -Ddart.vm.product=false --enable-asserts --track-widget-creation --filesystem-scheme org-dartlang-root --initialize-from-dill build\199e63d12aae48772fe1ad268adc4fc7.cache.dill.track.dill --source file:///D:/codethon/APP/fds/.dart_tool/flutter_build/dart_plugin_registrant.dart --source package:flutter/src/dart_plugin_registrant.dart -Dflutter.dart_plugin_registrant=file:///D:/codethon/APP/fds/.dart_tool/flutter_build/dart_plugin_registrant.dart --verbosity=error --enable-experiment=alternative-invalidation-strategy
[  +62 ms] executing: C:\Program Files (x86)\Microsoft Visual Studio\Installer\vswhere.exe -format json -products * -utf8 -latest -version 16 -requires Microsoft.VisualStudio.Workload.NativeDesktop Microsoft.VisualStudio.Component.VC.Tools.x86.x64 Microsoft.VisualStudio.Component.VC.CMake.Project
[ +199 ms] Exit code 0 from: C:\Program Files (x86)\Microsoft Visual Studio\Installer\vswhere.exe -format json -products * -utf8 -latest -version 16 -requires Microsoft.VisualStudio.Workload.NativeDesktop Microsoft.VisualStudio.Component.VC.Tools.x86.x64 Microsoft.VisualStudio.Component.VC.CMake.Project
[        ] []
[   +1 ms] executing: C:\Program Files (x86)\Microsoft Visual Studio\Installer\vswhere.exe -format json -products * -utf8 -latest -version 16 -requires Microsoft.VisualStudio.Workload.VCTools Microsoft.VisualStudio.Component.VC.Tools.x86.x64 Microsoft.VisualStudio.Component.VC.CMake.Project
[  +85 ms] Exit code 0 from: C:\Program Files (x86)\Microsoft Visual Studio\Installer\vswhere.exe -format json -products * -utf8 -latest -version 16 -requires Microsoft.VisualStudio.Workload.VCTools Microsoft.VisualStudio.Component.VC.Tools.x86.x64 Microsoft.VisualStudio.Component.VC.CMake.Project
[        ] []
[        ] executing: C:\Program Files (x86)\Microsoft Visual Studio\Installer\vswhere.exe -format json -products * -utf8 -latest -version 16 -prerelease -requires Microsoft.VisualStudio.Workload.NativeDesktop Microsoft.VisualStudio.Component.VC.Tools.x86.x64 Microsoft.VisualStudio.Component.VC.CMake.Project
[ +108 ms] Exit code 0 from: C:\Program Files (x86)\Microsoft Visual Studio\Installer\vswhere.exe -format json -products * -utf8 -latest -version 16 -prerelease -requires Microsoft.VisualStudio.Workload.NativeDesktop Microsoft.VisualStudio.Component.VC.Tools.x86.x64 Microsoft.VisualStudio.Component.VC.CMake.Project
[        ] [
             {
               "instanceId": "bfc4694f",
               "installDate": "2025-09-05T08:30:47Z",
               "installationName": "VisualStudioPreview/17.14.13-pre.1.0+36414.22",
               "installationPath": "C:\\Program Files\\Microsoft Visual Studio\\2022\\Preview",
               "installationVersion": "17.14.36414.22",
               "productId": "Microsoft.VisualStudio.Product.Community",
               "productPath": "C:\\Program Files\\Microsoft Visual Studio\\2022\\Preview\\Common7\\IDE\\devenv.exe",
               "state": 4294967295,
               "isComplete": true,
               "isLaunchable": true,
               "isPrerelease": true,
               "isRebootRequired": false,
               "displayName": "Visual Studio Community 2022",
               "description": "Powerful IDE, free for students, open-source contributors, and individuals",
               "channelId": "VisualStudio.17.Preview",
               "channelUri": "https://aka.ms/vs/17/pre/channel",
               "enginePath": "C:\\Program Files (x86)\\Microsoft Visual Studio\\Installer\\resources\\app\\ServiceHub\\Services\\Microsoft.VisualStudio.Setup.Service",
               "installedChannelId": "VisualStudio.17.Preview",
               "installedChannelUri": "https://aka.ms/vs/17/pre/channel",
               "releaseNotes": "https://go.microsoft.com/fwlink/?LinkId=661273#17.14.13-pre.1.0",
               "resolvedInstallationPath": "C:\\Program Files\\Microsoft Visual Studio\\2022\\Preview",
               "thirdPartyNotices": "https://go.microsoft.com/fwlink/?LinkId=661288",
               "updateDate": "2025-09-05T08:30:47.1942089Z",
               "catalog": {
                 "buildBranch": "d17.14",
                 "buildVersion": "17.14.36414.22",
                 "id": "VisualStudioPreview/17.14.13-pre.1.0+36414.22",
                 "localBuild": "build-lab",
                 "manifestName": "VisualStudioPreview",
                 "manifestType": "installer",
                 "productDisplayVersion": "17.14.13 Preview 1.0",
                 "productLine": "Dev17",
                 "productLineVersion": "2022",
                 "productMilestone": "Preview",
                 "productMilestoneIsPreRelease": "True",
                 "productName": "Visual Studio",
                 "productPatchVersion": "13",
                 "productPreReleaseMilestoneSuffix": "1.0",
                 "productSemanticVersion": "17.14.13-pre.1.0+36414.22",
                 "requiredEngineVersion": "3.14.2084.208"
               },
               "properties": {
                 "campaignId": "",
                 "canceled": "0",
                 "channelManifestId": "VisualStudio.17.Preview/17.14.13-pre.1.0+36414.22",
                 "includeRecommended": "1",
                 "nickname": "",
                 "setupEngineFilePath": "C:\\Program Files (x86)\\Microsoft Visual Studio\\Installer\\setup.exe"
               }
             }
           ]
[   +8 ms] Building Windows application...
[  +25 ms] <- compile package:fds/main.dart
[   +3 ms] executing: C:\Program Files\Microsoft Visual Studio\2022\Preview\Common7\IDE\CommonExtensions\Microsoft\CMake\CMake\bin\cmake.exe -S D:\codethon\APP\fds\windows -B D:\codethon\APP\fds\build\windows\x64 -G Visual Studio 17 2022 -A x64 -DFLUTTER_TARGET_PLATFORM=windows-x64
[ +145 ms] -- Selecting Windows SDK version 10.0.26100.0 to target Windows 10.0.26200.
[  +40 ms] -- Downloading/updating pdfium
[  +85 ms] -- Selecting Windows SDK version 10.0.26100.0 to target Windows 10.0.26200.
[+1315 ms] -- Configuring done (1.3s)
[ +240 ms] -- Generating done (0.2s)
[   +6 ms] -- Build files have been written to: D:/codethon/APP/fds/build/windows/x64/pdfium-download
[ +228 ms] MSBuild version 17.14.19+164abd434 for .NET Framework
[ +941 ms] -- Configuring done (2.9s)
[ +725 ms] lib/services/api_service.dart:236:32: Error: 'respondToAssignment' is already declared in this scope.
[   +1 ms]   Future<Map<String, dynamic>> respondToAssignment(
[        ]                                ^^^^^^^^^^^^^^^^^^^
[        ] lib/services/api_service.dart:131:32: Context: Previous declaration of 'respondToAssignment'.
[        ]   Future<Map<String, dynamic>> respondToAssignment(int assignmentId, String action, {String? declineReason}) async {
[        ]                                ^^^^^^^^^^^^^^^^^^^
[        ] lib/services/api_service.dart:263:38: Error: 'getNotifications' is already declared in this scope.
[        ]   Future<List<Map<String, dynamic>>> getNotifications(int userId, {bool unreadOnly = false}) async {
[        ]                                      ^^^^^^^^^^^^^^^^
[        ] lib/services/api_service.dart:151:35: Context: Previous declaration of 'getNotifications'.
[        ]   Future<List<NotificationModel>> getNotifications(int userId, {bool unreadOnly = false}) async {
[        ]                                   ^^^^^^^^^^^^^^^^
[        ] lib/services/api_service.dart:281:16: Error: 'markNotificationRead' is already declared in this scope.
[        ]   Future<void> markNotificationRead(int notificationId) async {
[        ]                ^^^^^^^^^^^^^^^^^^^^
[        ] lib/services/api_service.dart:164:16: Context: Previous declaration of 'markNotificationRead'.
[        ]   Future<void> markNotificationRead(int notificationId) async {
[        ]                ^^^^^^^^^^^^^^^^^^^^
[        ] lib/screens/admin_dashboard_screen.dart:1193:16: Error: '_showPolicyUpdateDialog' is already declared in this scope.
[        ]   Future<void> _showPolicyUpdateDialog() async {
[        ]                ^^^^^^^^^^^^^^^^^^^^^^^
[        ] lib/screens/admin_dashboard_screen.dart:864:8: Context: Previous declaration of '_showPolicyUpdateDialog'.
[        ]   void _showPolicyUpdateDialog() {
[        ]        ^^^^^^^^^^^^^^^^^^^^^^^
[+1530 ms] -- Generating done (2.2s)
[ +125 ms] -- Build files have been written to: D:/codethon/APP/fds/build/windows/x64
[ +148 ms] executing: C:\Program Files\Microsoft Visual Studio\2022\Preview\Common7\IDE\CommonExtensions\Microsoft\CMake\CMake\bin\cmake.exe --build D:\codethon\APP\fds\build\windows\x64 --config Debug --target INSTALL --verbose
[ +339 ms] Change Dir: 'D:/codethon/APP/fds/build/windows/x64'
[   +1 ms] Run Build Command(s): "C:/Program Files/Microsoft Visual Studio/2022/Preview/MSBuild/Current/Bin/amd64/MSBuild.exe" INSTALL.vcxproj /p:Configuration=Debug /p:Platform=x64 /p:VisualStudioVersion=17.0 /v:n
[ +336 ms] MSBuild version 17.14.19+164abd434 for .NET Framework
[ +109 ms] Build started 04-02-2026 23:33:27.
[ +703 ms] Project "D:\codethon\APP\fds\build\windows\x64\INSTALL.vcxproj" on node 1 (default targets).
[        ] Project "D:\codethon\APP\fds\build\windows\x64\INSTALL.vcxproj" (1) is building "D:\codethon\APP\fds\build\windows\x64\ZERO_CHECK.vcxproj" (2) on node 1 (default targets).
[        ] PrepareForBuild:
[        ]   Structured output is enabled. The formatting of compiler diagnostics will reflect the error hierarchy. See https://aka.ms/cpp/structured-output for more details.
[  +16 ms] InitializeBuildStatus:
[        ]   Creating "x64\Debug\ZERO_CHECK\ZERO_CHECK.tlog\unsuccessfulbuild" because "AlwaysCreate" was specified.
[   +2 ms]   Touching "x64\Debug\ZERO_CHECK\ZERO_CHECK.tlog\unsuccessfulbuild".
[  +45 ms] CustomBuild:
[   +2 ms]   All outputs are up-to-date.
[ +135 ms] FinalizeBuildStatus:
[        ]   Deleting file "x64\Debug\ZERO_CHECK\ZERO_CHECK.tlog\unsuccessfulbuild".
[   +3 ms]   Touching "x64\Debug\ZERO_CHECK\ZERO_CHECK.tlog\ZERO_CHECK.lastbuildstate".
[   +1 ms] Done Building Project "D:\codethon\APP\fds\build\windows\x64\ZERO_CHECK.vcxproj" (default targets).
[ +294 ms] Project "D:\codethon\APP\fds\build\windows\x64\INSTALL.vcxproj" (1) is building "D:\codethon\APP\fds\build\windows\x64\ALL_BUILD.vcxproj" (3) on node 1 (default targets).
[   +1 ms] Project "D:\codethon\APP\fds\build\windows\x64\ALL_BUILD.vcxproj" (3) is building "D:\codethon\APP\fds\build\windows\x64\runner\fds.vcxproj" (4) on node 1 (default targets).
[        ] Project "D:\codethon\APP\fds\build\windows\x64\runner\fds.vcxproj" (4) is building "D:\codethon\APP\fds\build\windows\x64\flutter\flutter_assemble.vcxproj" (5) on node 1 (default targets).
[        ] PrepareForBuild:
[        ]   Structured output is enabled. The formatting of compiler diagnostics will reflect the error hierarchy. See https://aka.ms/cpp/structured-output for more details.
[   +5 ms] InitializeBuildStatus:
[        ]   Touching "x64\Debug\flutter_assemble\flutter_assemble.tlog\unsuccessfulbuild".
[  +13 ms] CustomBuild:
[        ]   "The build of 'D:\codethon\APP\fds\build\windows\x64\CMakeFiles\2cae1181b7bba28b983fa3282568e1f8\flutter_assemble.rule' depends on 'D:\CODETHON\APP\FDS\WINDOWS\FLUTTER\EPHEMERAL\FLUTTER_WINDOWS.DLL' which is produced by the build of 'D:\codethon\APP\fds\build\windows\x64\CMakeFiles\b146e75b9d289ffc45d33fdbe0e2fa57\flutter_windows.dll.rule'. The items cannot be built in parallel."
[ +337 ms]   Generating D:/codethon/APP/fds/windows/flutter/ephemeral/flutter_windows.dll, D:/codethon/APP/fds/windows/flutter/ephemeral/flutter_export.h, D:/codethon/APP/fds/windows/flutter/ephemeral/flutter_windows.h, D:/codethon/APP/fds/windows/flutter/ephemeral/flutter_messenger.h, D:/codethon/APP/fds/windows/flutter/ephemeral/flutter_plugin_registrar.h, D:/codethon/APP/fds/windows/flutter/ephemeral/flutter_texture_registrar.h, D:/codethon/APP/fds/windows/flutter/ephemeral/cpp_client_wrapper/core_implementations.cc, D:/codethon/APP/fds/windows/flutter/ephemeral/cpp_client_wrapper/standard_codec.cc, D:/codethon/APP/fds/windows/flutter/ephemeral/cpp_client_wrapper/plugin_registrar.cc, D:/codethon/APP/fds/windows/flutter/ephemeral/cpp_client_wrapper/flutter_engine.cc, D:/codethon/APP/fds/windows/flutter/ephemeral/cpp_client_wrapper/flutter_view_controller.cc, _phony_
[+12346 ms]   [+1103 ms] Artifact Instance of 'MaterialFonts' is not required, skipping update.
[   +1 ms]   [   +4 ms] Artifact Instance of 'GradleWrapper' is not required, skipping update.
[        ]   [        ] Artifact Instance of 'AndroidGenSnapshotArtifacts' is not required, skipping update.
[        ]   [   +2 ms] Artifact Instance of 'AndroidInternalBuildArtifacts' is not required, skipping update.
[        ]   [        ] Artifact Instance of 'IOSEngineArtifacts' is not required, skipping update.
[        ]   [        ] Artifact Instance of 'FlutterWebSdk' is not required, skipping update.
[        ]   [  +50 ms] Artifact Instance of 'LegacyCanvasKitRemover' is not required, skipping update.
[        ]   [  +47 ms] Artifact Instance of 'FlutterSdk' is not required, skipping update.
[        ]   [   +2 ms] Artifact Instance of 'WindowsEngineArtifacts' is not required, skipping update.
[        ]   [   +1 ms] Artifact Instance of 'MacOSEngineArtifacts' is not required, skipping update.
[        ]   [        ] Artifact Instance of 'LinuxEngineArtifacts' is not required, skipping update.
[        ]   [        ] Artifact Instance of 'LinuxFuchsiaSDKArtifacts' is not required, skipping update.
[        ]   [        ] Artifact Instance of 'MacOSFuchsiaSDKArtifacts' is not required, skipping update.
[        ]   [        ] Artifact Instance of 'FlutterRunnerSDKArtifacts' is not required, skipping update.
[        ]   [        ] Artifact Instance of 'FlutterRunnerDebugSymbols' is not required, skipping update.
[        ]   [        ] Artifact Instance of 'IosUsbArtifacts' is not required, skipping update.
[        ]   [        ] Artifact Instance of 'IosUsbArtifacts' is not required, skipping update.
[        ]   [        ] Artifact Instance of 'IosUsbArtifacts' is not required, skipping update.
[        ]   [        ] Artifact Instance of 'IosUsbArtifacts' is not required, skipping update.
[        ]   [  +34 ms] Artifact Instance of 'IosUsbArtifacts' is not required, skipping update.
[   +2 ms]   [        ] Artifact Instance of 'IosUsbArtifacts' is not required, skipping update.
[        ]   [        ] Artifact Instance of 'FontSubsetArtifacts' is not required, skipping update.
[        ]   [        ] Artifact Instance of 'PubDependencies' is not required, skipping update.
[  +35 ms]   [  +38 ms] Artifact Instance of 'AndroidGenSnapshotArtifacts' is not required, skipping update.
[   +1 ms]   [        ] Artifact Instance of 'AndroidInternalBuildArtifacts' is not required, skipping update.
[        ]   [        ] Artifact Instance of 'IOSEngineArtifacts' is not required, skipping update.
[        ]   [        ] Artifact Instance of 'FlutterWebSdk' is not required, skipping update.
[        ]   [        ] Artifact Instance of 'FlutterEngineStamp' is not required, skipping update.
[        ]   [        ] Artifact Instance of 'LegacyCanvasKitRemover' is not required, skipping update.
[   +9 ms]   [   +9 ms] Artifact Instance of 'WindowsEngineArtifacts' is not required, skipping update.
[   +1 ms]   [        ] Artifact Instance of 'MacOSEngineArtifacts' is not required, skipping update.
[        ]   [        ] Artifact Instance of 'LinuxEngineArtifacts' is not required, skipping update.
[        ]   [        ] Artifact Instance of 'LinuxFuchsiaSDKArtifacts' is not required, skipping update.
[        ]   [        ] Artifact Instance of 'MacOSFuchsiaSDKArtifacts' is not required, skipping update.
[        ]   [        ] Artifact Instance of 'FlutterRunnerSDKArtifacts' is not required, skipping update.
[        ]   [        ] Artifact Instance of 'FlutterRunnerDebugSymbols' is not required, skipping update.
[ +318 ms]   [ +311 ms] Artifact Instance of 'MaterialFonts' is not required, skipping update.
[        ]   [   +1 ms] Artifact Instance of 'GradleWrapper' is not required, skipping update.
[        ]   [        ] Artifact Instance of 'AndroidGenSnapshotArtifacts' is not required, skipping update.
[        ]   [        ] Artifact Instance of 'AndroidInternalBuildArtifacts' is not required, skipping update.
[        ]   [        ] Artifact Instance of 'IOSEngineArtifacts' is not required, skipping update.
[        ]   [        ] Artifact Instance of 'FlutterWebSdk' is not required, skipping update.
[        ]   [        ] Artifact Instance of 'FlutterEngineStamp' is not required, skipping update.
[   +2 ms]   [        ] Artifact Instance of 'LegacyCanvasKitRemover' is not required, skipping update.
[   +1 ms]   [  +11 ms] Artifact Instance of 'FlutterSdk' is not required, skipping update.
[  +11 ms]   [  +11 ms] Artifact Instance of 'MacOSEngineArtifacts' is not required, skipping update.
[        ]   [        ] Artifact Instance of 'LinuxEngineArtifacts' is not required, skipping update.
[        ]   [        ] Artifact Instance of 'LinuxFuchsiaSDKArtifacts' is not required, skipping update.
[        ]   [        ] Artifact Instance of 'MacOSFuchsiaSDKArtifacts' is not required, skipping update.
[        ]   [        ] Artifact Instance of 'FlutterRunnerSDKArtifacts' is not required, skipping update.
[        ]   [        ] Artifact Instance of 'FlutterRunnerDebugSymbols' is not required, skipping update.
[   +4 ms]   [        ] Artifact Instance of 'IosUsbArtifacts' is not required, skipping update.
[        ]   [        ] Artifact Instance of 'IosUsbArtifacts' is not required, skipping update.
[        ]   [        ] Artifact Instance of 'IosUsbArtifacts' is not required, skipping update.
[        ]   [        ] Artifact Instance of 'IosUsbArtifacts' is not required, skipping update.
[        ]   [        ] Artifact Instance of 'IosUsbArtifacts' is not required, skipping update.
[        ]   [        ] Artifact Instance of 'IosUsbArtifacts' is not required, skipping update.
[        ]   [        ] Artifact Instance of 'FontSubsetArtifacts' is not required, skipping update.
[        ]   [        ] Artifact Instance of 'PubDependencies' is not required, skipping update.
[ +183 ms]   [ +189 ms] Initializing file store
[  +92 ms]   [  +92 ms] Done initializing file store
[ +250 ms]   [ +249 ms] Skipping target: dart_build
[   +5 ms]   [   +7 ms] Skipping target: gen_dart_plugin_registrant
[+12605 ms]   [+12604 ms] Skipping target: unpack_windows
[   +1 ms]   [   +3 ms] Skipping target: install_code_assets
[        ]   [        ] Skipping target: gen_localizations
[+3192 ms]   [+3192 ms] kernel_snapshot_program: Starting due to {InvalidatedReasonKind.outputSetAddition: The following outputs were added to the output set: D:\codethon\APP\fds\.dart_tool\flutter_build\46eb7adfbe84b246d869a7dd3d5a5fa5\app.dill}
[  +39 ms]   [  +36 ms] C:\flutter\bin\cache\dart-sdk\bin\dartaotruntime.exe C:\flutter\bin\cache\dart-sdk\bin\snapshots\frontend_server_aot.dart.snapshot --sdk-root C:\flutter\bin\cache\artifacts\engine\common\flutter_patched_sdk/ --target=flutter --no-print-incremental-dependencies -DFLUTTER_VERSION=3.38.7 -DFLUTTER_CHANNEL=stable -DFLUTTER_GIT_URL=https://github.com/flutter/flutter.git -DFLUTTER_FRAMEWORK_REVISION=3b62efc2a3 -DFLUTTER_ENGINE_REVISION=78fc3012e4 -DFLUTTER_DART_VERSION=3.10.7 -Ddart.vm.profile=false -Ddart.vm.product=false --enable-asserts --track-widget-creation --packages D:\codethon\APP\fds\.dart_tool\package_config.json --output-dill D:\codethon\APP\fds\.dart_tool\flutter_build\46eb7adfbe84b246d869a7dd3d5a5fa5\app.dill --depfile D:\codethon\APP\fds\.dart_tool\flutter_build\46eb7adfbe84b246d869a7dd3d5a5fa5\kernel_snapshot_program.d --incremental --initialize-from-dill D:\codethon\APP\fds\.dart_tool\flutter_build\46eb7adfbe84b246d869a7dd3d5a5fa5\app.dill --source file:///D:/codethon/APP/fds/.dart_tool/flutter_build/dart_plugin_registrant.dart --source package:flutter/src/dart_plugin_registrant.dart -Dflutter.dart_plugin_registrant=file:///D:/codethon/APP/fds/.dart_tool/flutter_build/dart_plugin_registrant.dart --verbosity=error package:fds/main.dart
[ +358 ms]   [   +7 ms]   Future<Map<String, dynamic>> respondToAssignment(
[   +2 ms]   [   +7 ms]                                ^^^^^^^^^^^^^^^^^^^
[        ]   [   +1 ms] lib/services/api_service.dart:131:32: Context: Previous declaration of 'respondToAssignment'.
[        ]   [        ]   Future<Map<String, dynamic>> respondToAssignment(int assignmentId, String action, {String? declineReason}) async {
[        ]   [        ]                                ^^^^^^^^^^^^^^^^^^^
[        ]   [        ]   Future<List<Map<String, dynamic>>> getNotifications(int userId, {bool unreadOnly = false}) async {
[        ]   [        ]                                      ^^^^^^^^^^^^^^^^
[        ]   [        ] lib/services/api_service.dart:151:35: Context: Previous declaration of 'getNotifications'.
[        ]   [        ]   Future<List<NotificationModel>> getNotifications(int userId, {bool unreadOnly = false}) async {
[        ]   [   +3 ms]                                   ^^^^^^^^^^^^^^^^
[        ]   [   +1 ms]   Future<void> markNotificationRead(int notificationId) async {
[        ]   [        ]                ^^^^^^^^^^^^^^^^^^^^
[        ]   [        ] lib/services/api_service.dart:164:16: Context: Previous declaration of 'markNotificationRead'.
[        ]   [        ]   Future<void> markNotificationRead(int notificationId) async {
[        ]   [        ]                ^^^^^^^^^^^^^^^^^^^^
[   +3 ms]   [        ]   Future<void> _showPolicyUpdateDialog() async {
[   +1 ms]   [        ]                ^^^^^^^^^^^^^^^^^^^^^^^
[   +1 ms]   [        ] lib/screens/admin_dashboard_screen.dart:864:8: Context: Previous declaration of '_showPolicyUpdateDialog'.
[+7357 ms] [+7169 ms] lib/services/api_service.dart(236,32): error G9B46A391: 'respondToAssignment' is already declared in this scope. [D:\codethon\APP\fds\build\windows\x64\flutter\flutter_assemble.vcxproj]
[   +1 ms]   [        ]   void _showPolicyUpdateDialog() {
[        ] [        ] lib/services/api_service.dart(263,38): error GE049BA72: 'getNotifications' is already declared in this scope. [D:\codethon\APP\fds\build\windows\x64\flutter\flutter_assemble.vcxproj]
[   +1 ms] [        ] lib/services/api_service.dart(281,16): error GB7F40A50: 'markNotificationRead' is already declared in this scope. [D:\codethon\APP\fds\build\windows\x64\flutter\flutter_assemble.vcxproj]
[        ] [        ] lib/screens/admin_dashboard_screen.dart(1193,16): error GD51A8279: '_showPolicyUpdateDialog' is already declared in this scope. [D:\codethon\APP\fds\build\windows\x64\flutter\flutter_assemble.vcxproj]
[   +1 ms]   [        ]        ^^^^^^^^^^^^^^^^^^^^^^^
[ +966 ms]   [+1509 ms] Persisting file store
[ +167 ms]   [ +167 ms] Done persisting file store
[  +22 ms]   [  +24 ms] Target kernel_snapshot_program failed: Exception
[   +6 ms]              #0      KernelSnapshot.build (package:flutter_tools/src/build_system/targets/common.dart:289:7)
[        ]              <asynchronous suspension>
[        ]              #1      _BuildInstance._invokeInternal (package:flutter_tools/src/build_system/build_system.dart:895:9)
[        ]              <asynchronous suspension>
[        ]              #2      Future.wait.<anonymous closure> (dart:async/future.dart:546:21)
[        ]              <asynchronous suspension>
[        ]              #3      _BuildInstance.invokeTarget (package:flutter_tools/src/build_system/build_system.dart:833:32)
[        ]              <asynchronous suspension>
[        ]              #4      FlutterBuildSystem.build (package:flutter_tools/src/build_system/build_system.dart:653:16)
[        ]              <asynchronous suspension>
[        ]              #5      AssembleCommand.runCommand (package:flutter_tools/src/commands/assemble.dart:361:32)
[        ]              <asynchronous suspension>
[        ]              #6      FlutterCommand.run.<anonymous closure> (package:flutter_tools/src/runner/flutter_command.dart:1559:27)
[        ]              <asynchronous suspension>
[        ]              #7      AppContext.run.<anonymous closure> (package:flutter_tools/src/base/context.dart:154:19)
[        ]              <asynchronous suspension>
[        ]              #8      CommandRunner.runCommand (package:args/command_runner.dart:212:13)
[        ]              <asynchronous suspension>
[        ]              #9      FlutterCommandRunner.runCommand.<anonymous closure> (package:flutter_tools/src/runner/flutter_command_runner.dart:487:9)
[        ]              <asynchronous suspension>
[        ]              #10     AppContext.run.<anonymous closure> (package:flutter_tools/src/base/context.dart:154:19)
[        ]              <asynchronous suspension>
[        ]              #11     FlutterCommandRunner.runCommand (package:flutter_tools/src/runner/flutter_command_runner.dart:422:5)
[        ]              <asynchronous suspension>
[        ]              #12     run.<anonymous closure>.<anonymous closure> (package:flutter_tools/runner.dart:104:11)
[        ]              <asynchronous suspension>
[        ]              #13     AppContext.run.<anonymous closure> (package:flutter_tools/src/base/context.dart:154:19)
[        ]              <asynchronous suspension>
[        ]              #14     main (package:flutter_tools/executable.dart:103:3)
[        ]              <asynchronous suspension>
[  +22 ms]   [  +36 ms] "flutter assemble" took 25,669ms.
[ +386 ms]   [ +385 ms] 
[   +1 ms]              #0      throwToolExit (package:flutter_tools/src/base/common.dart:34:3)
[        ]              #1      AssembleCommand.runCommand (package:flutter_tools/src/commands/assemble.dart:379:7)
[        ]              <asynchronous suspension>
[        ]              #2      FlutterCommand.run.<anonymous closure> (package:flutter_tools/src/runner/flutter_command.dart:1559:27)
[        ]              <asynchronous suspension>
[        ]              #3      AppContext.run.<anonymous closure> (package:flutter_tools/src/base/context.dart:154:19)
[        ]              <asynchronous suspension>
[        ]              #4      CommandRunner.runCommand (package:args/command_runner.dart:212:13)
[        ]              <asynchronous suspension>
[        ]              #5      FlutterCommandRunner.runCommand.<anonymous closure> (package:flutter_tools/src/runner/flutter_command_runner.dart:487:9)
[        ]              <asynchronous suspension>
[        ]              #6      AppContext.run.<anonymous closure> (package:flutter_tools/src/base/context.dart:154:19)
[        ]              <asynchronous suspension>
[        ]              #7      FlutterCommandRunner.runCommand (package:flutter_tools/src/runner/flutter_command_runner.dart:422:5)
[        ]              <asynchronous suspension>
[        ]              #8      run.<anonymous closure>.<anonymous closure> (package:flutter_tools/runner.dart:104:11)
[        ]              <asynchronous suspension>
[        ]              #9      AppContext.run.<anonymous closure> (package:flutter_tools/src/base/context.dart:154:19)
[        ]              <asynchronous suspension>
[        ]              #10     main (package:flutter_tools/executable.dart:103:3)
[        ]              <asynchronous suspension>
[        ]   [        ] Running 1 shutdown hook
[  +13 ms]   [   +3 ms] Shutdown hooks complete
[ +212 ms]   [ +229 ms] exiting with code 1
[ +301 ms] C:\Program Files\Microsoft Visual Studio\2022\Preview\MSBuild\Microsoft\VC\v170\Microsoft.CppCommon.targets(254,5): error MSB8066: Custom build for 'D:\codethon\APP\fds\build\windows\x64\CMakeFiles\b146e75b9d289ffc45d33fdbe0e2fa57\flutter_windows.dll.rule;D:\codethon\APP\fds\build\windows\x64\CMakeFiles\2cae1181b7bba28b983fa3282568e1f8\flutter_assemble.rule' exited with code 1. [D:\codethon\APP\fds\build\windows\x64\flutter\flutter_assemble.vcxproj]
[ +125 ms] Done Building Project "D:\codethon\APP\fds\build\windows\x64\flutter\flutter_assemble.vcxproj" (default targets) -- FAILED.
[  +23 ms] Done Building Project "D:\codethon\APP\fds\build\windows\x64\runner\fds.vcxproj" (default targets) -- FAILED.
[ +315 ms] Done Building Project "D:\codethon\APP\fds\build\windows\x64\ALL_BUILD.vcxproj" (default targets) -- FAILED.
[   +1 ms] Done Building Project "D:\codethon\APP\fds\build\windows\x64\INSTALL.vcxproj" (default targets) -- FAILED.
[  +52 ms] Build FAILED.
[   +8 ms] "D:\codethon\APP\fds\build\windows\x64\INSTALL.vcxproj" (default target) (1) ->
[   +1 ms] "D:\codethon\APP\fds\build\windows\x64\ALL_BUILD.vcxproj" (default target) (3) ->
[        ] "D:\codethon\APP\fds\build\windows\x64\runner\fds.vcxproj" (default target) (4) ->
[        ] "D:\codethon\APP\fds\build\windows\x64\flutter\flutter_assemble.vcxproj" (default target) (5) ->
[        ] (CustomBuild target) -> 
[        ]   [+7169 ms] lib/services/api_service.dart(236,32): error G9B46A391: 'respondToAssignment' is already declared in this scope. [D:\codethon\APP\fds\build\windows\x64\flutter\flutter_assemble.vcxproj]
[        ]   [        ] lib/services/api_service.dart(263,38): error GE049BA72: 'getNotifications' is already declared in this scope. [D:\codethon\APP\fds\build\windows\x64\flutter\flutter_assemble.vcxproj]
[        ]   [        ] lib/services/api_service.dart(281,16): error GB7F40A50: 'markNotificationRead' is already declared in this scope. [D:\codethon\APP\fds\build\windows\x64\flutter\flutter_assemble.vcxproj]
[        ]   [        ] lib/screens/admin_dashboard_screen.dart(1193,16): error GD51A8279: '_showPolicyUpdateDialog' is already declared in this scope. [D:\codethon\APP\fds\build\windows\x64\flutter\flutter_assemble.vcxproj]
[   +1 ms]   C:\Program Files\Microsoft Visual Studio\2022\Preview\MSBuild\Microsoft\VC\v170\Microsoft.CppCommon.targets(254,5): error MSB8066: Custom build for 'D:\codethon\APP\fds\build\windows\x64\CMakeFiles\b146e75b9d289ffc45d33fdbe0e2fa57\flutter_windows.dll.rule;D:\codethon\APP\fds\build\windows\x64\CMakeFiles\2cae1181b7bba28b983fa3282568e1f8\flutter_assemble.rule' exited with code 1. [D:\codethon\APP\fds\build\windows\x64\flutter\flutter_assemble.vcxproj]
[        ]     0 Warning(s)
[        ]     5 Error(s)
[        ] Time Elapsed 00:00:41.07
[ +157 ms] Building Windows application... (completed in 47.6s)
[   +5 ms] Error: Build process failed.
[  +13 ms] "flutter run" took 49,540ms.
[ +212 ms] 
           #0      throwToolExit (package:flutter_tools/src/base/common.dart:34:3)
           #1      RunCommand.runCommand (package:flutter_tools/src/commands/run.dart:897:9)
           <asynchronous suspension>
           #2      FlutterCommand.run.<anonymous closure> (package:flutter_tools/src/runner/flutter_command.dart:1559:27)
           <asynchronous suspension>
           #3      AppContext.run.<anonymous closure> (package:flutter_tools/src/base/context.dart:154:19)
           <asynchronous suspension>
           #4      CommandRunner.runCommand (package:args/command_runner.dart:212:13)
           <asynchronous suspension>
           #5      FlutterCommandRunner.runCommand.<anonymous closure> (package:flutter_tools/src/runner/flutter_command_runner.dart:487:9)
           <asynchronous suspension>
           #6      AppContext.run.<anonymous closure> (package:flutter_tools/src/base/context.dart:154:19)
           <asynchronous suspension>
           #7      FlutterCommandRunner.runCommand (package:flutter_tools/src/runner/flutter_command_runner.dart:422:5)
           <asynchronous suspension>
           #8      run.<anonymous closure>.<anonymous closure> (package:flutter_tools/runner.dart:104:11)
           <asynchronous suspension>
           #9      AppContext.run.<anonymous closure> (package:flutter_tools/src/base/context.dart:154:19)
           <asynchronous suspension>
           #10     main (package:flutter_tools/executable.dart:103:3)
           <asynchronous suspension>


[        ] Running 3 shutdown hooks
[  +14 ms] Shutdown hooks complete
[ +190 ms] exiting with code 1
